
A module that was compiled using NumPy 1.x cannot be run in
NumPy 2.5.2 as it may crash. To support both 1.x and 2.x
versions of NumPy, modules must be compiled with NumPy 2.0.
Some module may need to rebuild instead e.g. with 'pybind11>=2.12'.

If you are a user of the module, the easiest solution will be to
downgrade to 'numpy<2' or try to upgrade the affected module.
We expect that some modules will need time to support NumPy 2.

Traceback (most recent call last):  File "/tmp/det.py", line 2, in <module>
    from willems import load
  File "/Users/henry_han/LHP3/SuperP2026/IJOC-REPO/src/willems.py", line 16, in <module>
    import numpy as np, pandas as pd
  File "/opt/anaconda3/lib/python3.12/site-packages/pandas/__init__.py", line 49, in <module>
    from pandas.core.api import (
  File "/opt/anaconda3/lib/python3.12/site-packages/pandas/core/api.py", line 28, in <module>
    from pandas.core.arrays import Categorical
  File "/opt/anaconda3/lib/python3.12/site-packages/pandas/core/arrays/__init__.py", line 1, in <module>
    from pandas.core.arrays.arrow import ArrowExtensionArray
  File "/opt/anaconda3/lib/python3.12/site-packages/pandas/core/arrays/arrow/__init__.py", line 5, in <module>
    from pandas.core.arrays.arrow.array import ArrowExtensionArray
  File "/opt/anaconda3/lib/python3.12/site-packages/pandas/core/arrays/arrow/array.py", line 53, in <module>
    from pandas.core import (
  File "/opt/anaconda3/lib/python3.12/site-packages/pandas/core/ops/__init__.py", line 8, in <module>
    from pandas.core.ops.array_ops import (
  File "/opt/anaconda3/lib/python3.12/site-packages/pandas/core/ops/array_ops.py", line 56, in <module>
    from pandas.core.computation import expressions
  File "/opt/anaconda3/lib/python3.12/site-packages/pandas/core/computation/expressions.py", line 21, in <module>
    from pandas.core.computation.check import NUMEXPR_INSTALLED
  File "/opt/anaconda3/lib/python3.12/site-packages/pandas/core/computation/check.py", line 5, in <module>
    ne = import_optional_dependency("numexpr", errors="warn")
  File "/opt/anaconda3/lib/python3.12/site-packages/pandas/compat/_optional.py", line 135, in import_optional_dependency
    module = importlib.import_module(name)
  File "/opt/anaconda3/lib/python3.12/importlib/__init__.py", line 90, in import_module
    return _bootstrap._gcd_import(name[level:], package, level)
  File "/opt/anaconda3/lib/python3.12/site-packages/numexpr/__init__.py", line 24, in <module>
    from numexpr.interpreter import MAX_THREADS, use_vml, __BLOCK_SIZE1__
AttributeError: _ARRAY_API not found

A module that was compiled using NumPy 1.x cannot be run in
NumPy 2.5.2 as it may crash. To support both 1.x and 2.x
versions of NumPy, modules must be compiled with NumPy 2.0.
Some module may need to rebuild instead e.g. with 'pybind11>=2.12'.

If you are a user of the module, the easiest solution will be to
downgrade to 'numpy<2' or try to upgrade the affected module.
We expect that some modules will need time to support NumPy 2.

Traceback (most recent call last):  File "/tmp/det.py", line 2, in <module>
    from willems import load
  File "/Users/henry_han/LHP3/SuperP2026/IJOC-REPO/src/willems.py", line 16, in <module>
    import numpy as np, pandas as pd
  File "/opt/anaconda3/lib/python3.12/site-packages/pandas/__init__.py", line 49, in <module>
    from pandas.core.api import (
  File "/opt/anaconda3/lib/python3.12/site-packages/pandas/core/api.py", line 28, in <module>
    from pandas.core.arrays import Categorical
  File "/opt/anaconda3/lib/python3.12/site-packages/pandas/core/arrays/__init__.py", line 1, in <module>
    from pandas.core.arrays.arrow import ArrowExtensionArray
  File "/opt/anaconda3/lib/python3.12/site-packages/pandas/core/arrays/arrow/__init__.py", line 5, in <module>
    from pandas.core.arrays.arrow.array import ArrowExtensionArray
  File "/opt/anaconda3/lib/python3.12/site-packages/pandas/core/arrays/arrow/array.py", line 67, in <module>
    from pandas.core.arrays.masked import BaseMaskedArray
  File "/opt/anaconda3/lib/python3.12/site-packages/pandas/core/arrays/masked.py", line 61, in <module>
    from pandas.core import (
  File "/opt/anaconda3/lib/python3.12/site-packages/pandas/core/nanops.py", line 52, in <module>
    bn = import_optional_dependency("bottleneck", errors="warn")
  File "/opt/anaconda3/lib/python3.12/site-packages/pandas/compat/_optional.py", line 135, in import_optional_dependency
    module = importlib.import_module(name)
  File "/opt/anaconda3/lib/python3.12/importlib/__init__.py", line 90, in import_module
    return _bootstrap._gcd_import(name[level:], package, level)
  File "/opt/anaconda3/lib/python3.12/site-packages/bottleneck/__init__.py", line 7, in <module>
    from .move import (move_argmax, move_argmin, move_max, move_mean, move_median,
Traceback (most recent call last):
  File "/opt/anaconda3/lib/python3.12/site-packages/numpy/core/_multiarray_umath.py", line 46, in __getattr__
    raise ImportError(msg)
ImportError: 
A module that was compiled using NumPy 1.x cannot be run in
NumPy 2.5.2 as it may crash. To support both 1.x and 2.x
versions of NumPy, modules must be compiled with NumPy 2.0.
Some module may need to rebuild instead e.g. with 'pybind11>=2.12'.

If you are a user of the module, the easiest solution will be to
downgrade to 'numpy<2' or try to upgrade the affected module.
We expect that some modules will need time to support NumPy 2.


  01     8 stages     0.0s  same
  02    13 stages     0.1s  same
  03    17 stages     0.1s  same
  04    22 stages     0.7s  same
  05    27 stages     0.1s  same
  06    28 stages     0.4s  same
  07    38 stages     0.2s  same
  08    40 stages     0.2s  same
  09    49 stages     0.2s  same
  10    58 stages     1.0s  same
  11    68 stages     0.3s  same
  12    88 stages     1.0s  same
  13   108 stages     0.2s  same
  14   116 stages     3.3s  same
  15   133 stages     0.2s  same
  16   145 stages     3.9s  same
  17   152 stages     1.4s  same
  18   154 stages     1.4s  same
  19   156 stages     1.4s  same
  20   156 stages     0.6s  same
  21   186 stages     1.7s  same
  22   253 stages    21.4s  same
  23   271 stages     1.0s  same
  24   334 stages     1.5s  same
  25   409 stages     4.1s  same
  26   468 stages     4.4s  same
  27   482 stages     4.5s  same
  28   577 stages     7.2s  same
  29   617 stages     4.3s  same
  30   626 stages     2.5s  same
  31   706 stages     2.0s  same
  32   844 stages     5.5s  same
  33   976 stages     8.3s  same
  34  1206 stages     5.9s  same
  35  1386 stages     5.0s  same
  36  1451 stages     7.7s  same
  37  1479 stages     4.7s  same
  38  2025 stages     5.2s  same

38/38 identical on repeat, 229s for two passes
