
A module that was compiled using NumPy 1.x cannot be run in
NumPy 2.5.2 as it may crash. To support both 1.x and 2.x
versions of NumPy, modules must be compiled with NumPy 2.0.
Some module may need to rebuild instead e.g. with 'pybind11>=2.12'.

If you are a user of the module, the easiest solution will be to
downgrade to 'numpy<2' or try to upgrade the affected module.
We expect that some modules will need time to support NumPy 2.

Traceback (most recent call last):  File "/Users/henry_han/LHP3/SuperP2026/RESILIENCE-SUPER-P/build_real.py", line 9, in <module>
    from gsm import solve, cost_of_plan, heuristics
  File "/Users/henry_han/LHP3/SuperP2026/RESILIENCE-SUPER-P/gsm.py", line 17, in <module>
    from ortools.sat.python import cp_model
  File "/opt/anaconda3/lib/python3.12/site-packages/ortools/sat/python/cp_model.py", line 62, in <module>
    import pandas as pd
  File "/opt/anaconda3/lib/python3.12/site-packages/pandas/__init__.py", line 49, in <module>
    from pandas.core.api import (
  File "/opt/anaconda3/lib/python3.12/site-packages/pandas/core/api.py", line 28, in <module>
    from pandas.core.arrays import Categorical
  File "/opt/anaconda3/lib/python3.12/site-packages/pandas/core/arrays/__init__.py", line 1, in <module>
    from pandas.core.arrays.arrow import ArrowExtensionArray
  File "/opt/anaconda3/lib/python3.12/site-packages/pandas/core/arrays/arrow/__init__.py", line 5, in <module>
    from pandas.core.arrays.arrow.array import ArrowExtensionArray
  File "/opt/anaconda3/lib/python3.12/site-packages/pandas/core/arrays/arrow/array.py", line 53, in <module>
    from pandas.core import (
  File "/opt/anaconda3/lib/python3.12/site-packages/pandas/core/ops/__init__.py", line 8, in <module>
    from pandas.core.ops.array_ops import (
  File "/opt/anaconda3/lib/python3.12/site-packages/pandas/core/ops/array_ops.py", line 56, in <module>
    from pandas.core.computation import expressions
  File "/opt/anaconda3/lib/python3.12/site-packages/pandas/core/computation/expressions.py", line 21, in <module>
    from pandas.core.computation.check import NUMEXPR_INSTALLED
  File "/opt/anaconda3/lib/python3.12/site-packages/pandas/core/computation/check.py", line 5, in <module>
    ne = import_optional_dependency("numexpr", errors="warn")
  File "/opt/anaconda3/lib/python3.12/site-packages/pandas/compat/_optional.py", line 135, in import_optional_dependency
    module = importlib.import_module(name)
  File "/opt/anaconda3/lib/python3.12/importlib/__init__.py", line 90, in import_module
    return _bootstrap._gcd_import(name[level:], package, level)
  File "/opt/anaconda3/lib/python3.12/site-packages/numexpr/__init__.py", line 24, in <module>
    from numexpr.interpreter import MAX_THREADS, use_vml, __BLOCK_SIZE1__
AttributeError: _ARRAY_API not found

A module that was compiled using NumPy 1.x cannot be run in
NumPy 2.5.2 as it may crash. To support both 1.x and 2.x
versions of NumPy, modules must be compiled with NumPy 2.0.
Some module may need to rebuild instead e.g. with 'pybind11>=2.12'.

If you are a user of the module, the easiest solution will be to
downgrade to 'numpy<2' or try to upgrade the affected module.
We expect that some modules will need time to support NumPy 2.

Traceback (most recent call last):  File "/Users/henry_han/LHP3/SuperP2026/RESILIENCE-SUPER-P/build_real.py", line 9, in <module>
    from gsm import solve, cost_of_plan, heuristics
  File "/Users/henry_han/LHP3/SuperP2026/RESILIENCE-SUPER-P/gsm.py", line 17, in <module>
    from ortools.sat.python import cp_model
  File "/opt/anaconda3/lib/python3.12/site-packages/ortools/sat/python/cp_model.py", line 62, in <module>
    import pandas as pd
  File "/opt/anaconda3/lib/python3.12/site-packages/pandas/__init__.py", line 49, in <module>
    from pandas.core.api import (
  File "/opt/anaconda3/lib/python3.12/site-packages/pandas/core/api.py", line 28, in <module>
    from pandas.core.arrays import Categorical
  File "/opt/anaconda3/lib/python3.12/site-packages/pandas/core/arrays/__init__.py", line 1, in <module>
    from pandas.core.arrays.arrow import ArrowExtensionArray
  File "/opt/anaconda3/lib/python3.12/site-packages/pandas/core/arrays/arrow/__init__.py", line 5, in <module>
    from pandas.core.arrays.arrow.array import ArrowExtensionArray
  File "/opt/anaconda3/lib/python3.12/site-packages/pandas/core/arrays/arrow/array.py", line 67, in <module>
    from pandas.core.arrays.masked import BaseMaskedArray
  File "/opt/anaconda3/lib/python3.12/site-packages/pandas/core/arrays/masked.py", line 61, in <module>
    from pandas.core import (
  File "/opt/anaconda3/lib/python3.12/site-packages/pandas/core/nanops.py", line 52, in <module>
    bn = import_optional_dependency("bottleneck", errors="warn")
  File "/opt/anaconda3/lib/python3.12/site-packages/pandas/compat/_optional.py", line 135, in import_optional_dependency
    module = importlib.import_module(name)
  File "/opt/anaconda3/lib/python3.12/importlib/__init__.py", line 90, in import_module
    return _bootstrap._gcd_import(name[level:], package, level)
  File "/opt/anaconda3/lib/python3.12/site-packages/bottleneck/__init__.py", line 7, in <module>
    from .move import (move_argmax, move_argmin, move_max, move_mean, move_median,
Traceback (most recent call last):
  File "/opt/anaconda3/lib/python3.12/site-packages/numpy/core/_multiarray_umath.py", line 46, in __getattr__
    raise ImportError(msg)
ImportError: 
A module that was compiled using NumPy 1.x cannot be run in
NumPy 2.5.2 as it may crash. To support both 1.x and 2.x
versions of NumPy, modules must be compiled with NumPy 2.0.
Some module may need to rebuild instead e.g. with 'pybind11>=2.12'.

If you are a user of the module, the easiest solution will be to
downgrade to 'numpy<2' or try to upgrade the affected module.
We expect that some modules will need time to support NumPy 2.


 chain  stages       optimum  proved     incumbent     left  decisions     sec
    01       8             4    True             4    0.2%          5     0.0
    02      13         2,342    True         2,342    0.0%         13     0.1
    03      17       208,937    True       892,134  327.0%         13     0.1
    04      22         3,970    True         3,970    0.0%         12     0.7
    05      27       239,206    True       247,804    3.6%         27     0.1
    06      28           103    True           115   11.3%         16     0.3
    07      38        72,697    True        72,697    0.0%         38     0.2
    08      40           328    True           328    0.0%         40     0.2
    09      49        75,092    True       163,857  118.2%         49     0.2
    10      58     1,278,666    True     1,383,742    8.2%         52     1.1
    11      68             2    True             2    1.0%         68     0.3
    12      88       849,772    True     1,491,795   75.6%         37     1.1
    13     108       793,648    True       793,648    0.0%         98     0.2
    14     116            65    True            65    0.0%         98     3.5
    15     133         3,446    True         3,446    0.0%         77     0.3
    16     145        28,074    True        33,059   17.8%         85     4.6
    17     152       554,523    True     1,336,987  141.1%        136     1.6
    18     154         2,720    True         3,136   15.3%        153     1.5
    19     156         9,208    True        21,246  130.7%        141     1.6
    20     156         3,137    True         3,137    0.0%        156     0.6
    21     186         1,527    True         1,527    0.0%        186     1.5
    22     253         8,460    True        12,208   44.3%        136    22.5
    23     271           155    True           155    0.0%        246     1.3
    24     334         2,579    True         2,579    0.0%        334     1.5
    25     409        33,809    True        36,035    6.6%        409     4.3
    26     468       341,887    True       596,381   74.4%        468     5.0
    27     482           294    True           294    0.0%        482     5.0
    28     577       216,358    True       435,439  101.3%        577     7.2
    29     617        31,421    True        48,304   53.7%        606     4.6
    30     626         5,065    True         5,065    0.0%        406     2.7
    31     706     1,797,174    True     2,860,706   59.2%        103     2.5
    32     844         6,653    True         6,653    0.0%        733     5.4
    33     976         1,621    True         1,780    9.8%        802     8.3
    34    1206       110,807    True       117,166    5.7%       1153     7.0
    35    1386           847    True           847    0.0%       1350     5.8
    36    1451        15,606    True        17,512   12.2%       1366     8.8
    37    1479        32,757    True        58,731   79.3%        956     5.3
    38    2025        28,526    True        49,522   73.6%       1503     7.5

38 chains solved, 38 proved optimal, 346 decisions each on average, 2.1 min
the incumbent is already optimal on 39% of chains, which is sigma_0 for this read-out
