
A module that was compiled using NumPy 1.x cannot be run in
NumPy 2.5.2 as it may crash. To support both 1.x and 2.x
versions of NumPy, modules must be compiled with NumPy 2.0.
Some module may need to rebuild instead e.g. with 'pybind11>=2.12'.

If you are a user of the module, the easiest solution will be to
downgrade to 'numpy<2' or try to upgrade the affected module.
We expect that some modules will need time to support NumPy 2.

Traceback (most recent call last):  File "/Users/henry_han/LHP3/SuperP2026/RESILIENCE-SUPER-P/sweep_real.py", line 17, in <module>
    from gsm import cost_of_plan
  File "/Users/henry_han/LHP3/SuperP2026/RESILIENCE-SUPER-P/gsm.py", line 17, in <module>
    from ortools.sat.python import cp_model
  File "/opt/anaconda3/lib/python3.12/site-packages/ortools/sat/python/cp_model.py", line 62, in <module>
    import pandas as pd
  File "/opt/anaconda3/lib/python3.12/site-packages/pandas/__init__.py", line 49, in <module>
    from pandas.core.api import (
  File "/opt/anaconda3/lib/python3.12/site-packages/pandas/core/api.py", line 28, in <module>
    from pandas.core.arrays import Categorical
  File "/opt/anaconda3/lib/python3.12/site-packages/pandas/core/arrays/__init__.py", line 1, in <module>
    from pandas.core.arrays.arrow import ArrowExtensionArray
  File "/opt/anaconda3/lib/python3.12/site-packages/pandas/core/arrays/arrow/__init__.py", line 5, in <module>
    from pandas.core.arrays.arrow.array import ArrowExtensionArray
  File "/opt/anaconda3/lib/python3.12/site-packages/pandas/core/arrays/arrow/array.py", line 53, in <module>
    from pandas.core import (
  File "/opt/anaconda3/lib/python3.12/site-packages/pandas/core/ops/__init__.py", line 8, in <module>
    from pandas.core.ops.array_ops import (
  File "/opt/anaconda3/lib/python3.12/site-packages/pandas/core/ops/array_ops.py", line 56, in <module>
    from pandas.core.computation import expressions
  File "/opt/anaconda3/lib/python3.12/site-packages/pandas/core/computation/expressions.py", line 21, in <module>
    from pandas.core.computation.check import NUMEXPR_INSTALLED
  File "/opt/anaconda3/lib/python3.12/site-packages/pandas/core/computation/check.py", line 5, in <module>
    ne = import_optional_dependency("numexpr", errors="warn")
  File "/opt/anaconda3/lib/python3.12/site-packages/pandas/compat/_optional.py", line 135, in import_optional_dependency
    module = importlib.import_module(name)
  File "/opt/anaconda3/lib/python3.12/importlib/__init__.py", line 90, in import_module
    return _bootstrap._gcd_import(name[level:], package, level)
  File "/opt/anaconda3/lib/python3.12/site-packages/numexpr/__init__.py", line 24, in <module>
    from numexpr.interpreter import MAX_THREADS, use_vml, __BLOCK_SIZE1__
AttributeError: _ARRAY_API not found

A module that was compiled using NumPy 1.x cannot be run in
NumPy 2.5.2 as it may crash. To support both 1.x and 2.x
versions of NumPy, modules must be compiled with NumPy 2.0.
Some module may need to rebuild instead e.g. with 'pybind11>=2.12'.

If you are a user of the module, the easiest solution will be to
downgrade to 'numpy<2' or try to upgrade the affected module.
We expect that some modules will need time to support NumPy 2.

Traceback (most recent call last):  File "/Users/henry_han/LHP3/SuperP2026/RESILIENCE-SUPER-P/sweep_real.py", line 17, in <module>
    from gsm import cost_of_plan
  File "/Users/henry_han/LHP3/SuperP2026/RESILIENCE-SUPER-P/gsm.py", line 17, in <module>
    from ortools.sat.python import cp_model
  File "/opt/anaconda3/lib/python3.12/site-packages/ortools/sat/python/cp_model.py", line 62, in <module>
    import pandas as pd
  File "/opt/anaconda3/lib/python3.12/site-packages/pandas/__init__.py", line 49, in <module>
    from pandas.core.api import (
  File "/opt/anaconda3/lib/python3.12/site-packages/pandas/core/api.py", line 28, in <module>
    from pandas.core.arrays import Categorical
  File "/opt/anaconda3/lib/python3.12/site-packages/pandas/core/arrays/__init__.py", line 1, in <module>
    from pandas.core.arrays.arrow import ArrowExtensionArray
  File "/opt/anaconda3/lib/python3.12/site-packages/pandas/core/arrays/arrow/__init__.py", line 5, in <module>
    from pandas.core.arrays.arrow.array import ArrowExtensionArray
  File "/opt/anaconda3/lib/python3.12/site-packages/pandas/core/arrays/arrow/array.py", line 67, in <module>
    from pandas.core.arrays.masked import BaseMaskedArray
  File "/opt/anaconda3/lib/python3.12/site-packages/pandas/core/arrays/masked.py", line 61, in <module>
    from pandas.core import (
  File "/opt/anaconda3/lib/python3.12/site-packages/pandas/core/nanops.py", line 52, in <module>
    bn = import_optional_dependency("bottleneck", errors="warn")
  File "/opt/anaconda3/lib/python3.12/site-packages/pandas/compat/_optional.py", line 135, in import_optional_dependency
    module = importlib.import_module(name)
  File "/opt/anaconda3/lib/python3.12/importlib/__init__.py", line 90, in import_module
    return _bootstrap._gcd_import(name[level:], package, level)
  File "/opt/anaconda3/lib/python3.12/site-packages/bottleneck/__init__.py", line 7, in <module>
    from .move import (move_argmax, move_argmin, move_max, move_mean, move_median,
Traceback (most recent call last):
  File "/opt/anaconda3/lib/python3.12/site-packages/numpy/core/_multiarray_umath.py", line 46, in __getattr__
    raise ImportError(msg)
ImportError: 
A module that was compiled using NumPy 1.x cannot be run in
NumPy 2.5.2 as it may crash. To support both 1.x and 2.x
versions of NumPy, modules must be compiled with NumPy 2.0.
Some module may need to rebuild instead e.g. with 'pybind11>=2.12'.

If you are a user of the module, the easiest solution will be to
downgrade to 'numpy<2' or try to upgrade the affected module.
We expect that some modules will need time to support NumPy 2.


38 real chains, 38 proved optimal.  19 trained on (5807 labelled decisions), 19 scored.
untrained, averaged over the widths: sigma_0 = 0.09 [8 s]

 width        P       4      8     16     32     64    128    256    512   1024   2048   4096
     1       13    0.00   0.00   0.00   0.00   0.00   0.00   0.00   0.00   0.00   0.00   0.00   [0 min]
     2       27    0.06   0.06   0.06   0.06   0.07   0.07   0.08   0.14   0.20   0.45   0.53   [1 min]
     4       61    0.33   0.33   0.33   0.34   0.36   0.39   0.43   0.46   0.57   0.67   0.97   [1 min]
     8      153    0.21   0.21   0.21   0.21   0.31   0.38   0.44   0.67   0.83   1.00   1.00   [1 min]
    16      433    0.28   0.28   0.32   0.32   0.51   0.64   0.83   0.99   1.00   1.00   1.00   [2 min]
    32    1,377    0.27   0.31   0.27   0.25   0.63   0.89   0.97   1.00   1.00   1.00   0.99   [2 min]
